23.4.234.160 - - [26/Aug/2025:08:17:57 -0700] "HEAD /css/main.css HTTP/1.1" 200 2439 "-" "Wget/1.21.4 (linux-gnu)"
72.85.208.125 - - [26/Aug/2025:08:18:01 -0700] "GET /js/app.js HTTP/1.1" 200 4999 "https://www.bing.com/" "Mozilla/5.0 (Macintosh; Intel Mac OS X 10_15_7) AppleWebKit/605.1.15 Version/16.5 Safari/605.1.15"
193.117.112.2 - - [26/Aug/2025:08:18:07 -0700] "GET /docs HTTP/1.1" 304 42 "-" "Mozilla/5.0 (Windows NT 10.0; Win64; x64) AppleWebKit/537.36 Chrome/124.0 Safari/537.36"
72.83.236.98 - - [26/Aug/2025:08:18:10 -0700] "GET /images/banner.jpg HTTP/1.1" 200 949 "https://www.google.com/" "curl/8.4.0"
139.157.122.15 - - [26/Aug/2025:08:18:11 -0700] "GET /favicon.ico HTTP/1.1" 200 1735 "https://www.bing.com/" "curl/8.4.0"
128.55.127.50 - - [26/Aug/2025:08:18:15 -0700] "GET /js/app.js HTTP/1.1" 200 3099 "-" "Wget/1.21.4 (linux-gnu)"
160.63.193.21 - - [26/Aug/2025:08:18:20 -0700] "GET /favicon.ico HTTP/1.1" 200 2590 "-" "Wget/1.21.4 (linux-gnu)"
23.30.117.18 - - [26/Aug/2025:08:18:24 -0700] "GET /products HTTP/1.1" 200 3318 "-" "Mozilla/5.0 (Windows NT 10.0; Win64; x64) AppleWebKit/537.36 Chrome/124.0 Safari/537.36"
139.107.136.180 - - [26/Aug/2025:08:18:26 -0700] "GET /docs HTTP/1.1" 200 3760 "https://www.bing.com/" "Mozilla/5.0 (X11; Linux x86_64) Gecko/20100101 Firefox/126.0"
172.208.97.25 - - [26/Aug/2025:08:18:29 -0700] "GET /favicon.ico HTTP/1.1" 200 2220 "https://example.com/" "Mozilla/5.0 (X11; Linux x86_64) Gecko/20100101 Firefox/126.0"
172.109.205.232 - - [26/Aug/2025:08:18:35 -0700] "GET /products HTTP/1.1" 200 255 "-" "Wget/1.21.4 (linux-gnu)"
172.84.135.136 - - [26/Aug/2025:08:18:39 -0700] "GET /favicon.ico HTTP/1.1" 200 3727 "https://example.com/" "Wget/1.21.4 (linux-gnu)"
203.153.234.81 - - [26/Aug/2025:08:18:45 -0700] "GET /health HTTP/1.1" 200 4124 "https://www.bing.com/" "Mozilla/5.0 (Macintosh; Intel Mac OS X 10_15_7) AppleWebKit/605.1.15 Version/16.5 Safari/605.1.15"
128.205.137.17 - - [26/Aug/2025:08:18:48 -0700] "GET /docs HTTP/1.1" 200 4917 "https://www.bing.com/" "curl/8.4.0"
172.35.64.33 - - [26/Aug/2025:08:18:50 -0700] "GET /favicon.ico HTTP/1.1" 200 4819 "https://www.bing.com/" "curl/8.4.0"
91.202.67.172 - - [26/Aug/2025:08:18:52 -0700] "GET /images/logo.png HTTP/1.1" 200 3981 "https://www.google.com/" "Wget/1.21.4 (linux-gnu)"
185.134.219.230 - - [26/Aug/2025:08:18:58 -0700] "GET /images/banner.jpg HTTP/1.1" 304 209 "https://www.bing.com/" "curl/8.4.0"
172.109.205.232 - - [26/Aug/2025:08:19:04 -0700] "GET /products HTTP/1.1" 200 3666 "https://www.bing.com/" "Mozilla/5.0 (Macintosh; Intel Mac OS X 10_15_7) AppleWebKit/605.1.15 Version/16.5 Safari/605.1.15"
23.194.49.92 - - [26/Aug/2025:08:19:08 -0700] "GET /css/site.css HTTP/1.1" 200 3626 "-" "curl/8.4.0"
176.13.101.184 - - [26/Aug/2025:08:19:13 -0700] "GET /js/vendor.js HTTP/1.1" 200 2233 "-" "Mozilla/5.0 (X11; Linux x86_64) Gecko/20100101 Firefox/126.0"
203.191.224.231 - - [26/Aug/2025:08:19:19 -0700] "GET / HTTP/1.1" 200 3473 "-" "Mozilla/5.0 (Macintosh; Intel Mac OS X 10_15_7) AppleWebKit/605.1.15 Version/16.5 Safari/605.1.15"
151.239.27.173 - - [26/Aug/2025:08:19:22 -0700] "GET /index.jsp HTTP/1.1" 200 4449 "-" "Mozilla/5.0 (Windows NT 10.0; Win64; x64) AppleWebKit/537.36 Chrome/124.0 Safari/537.36"
91.104.160.62 - - [26/Aug/2025:08:19:27 -0700] "GET /products HTTP/1.1" 200 4299 "-" "Mozilla/5.0 (iPhone; CPU iPhone OS 17_5 like Mac OS X) AppleWebKit/605.1.15 Mobile/15E148 Safari/604.1"
185.102.159.103 - - [26/Aug/2025:08:19:29 -0700] "GET /index.jsp HTTP/1.1" 404 43 "https://example.com/" "Mozilla/5.0 (Windows NT 10.0; Win64; x64) AppleWebKit/537.36 Chrome/124.0 Safari/537.36"
203.36.87.137 - - [26/Aug/2025:08:19:30 -0700] "GET /health HTTP/1.1" 200 4156 "https://www.bing.com/" "Mozilla/5.0 (X11; Linux x86_64) Gecko/20100101 Firefox/126.0"
23.226.50.13 - - [26/Aug/2025:08:19:33 -0700] "GET /images/banner.jpg HTTP/1.1" 200 2659 "https://example.com/" "Mozilla/5.0 (Windows NT 10.0; Win64; x64) AppleWebKit/537.36 Chrome/124.0 Safari/537.36"
72.148.40.219 - - [26/Aug/2025:08:19:34 -0700] "GET /images/logo.png HTTP/1.1" 304 379 "https://www.bing.com/" "Mozilla/5.0 (Windows NT 10.0; Win64; x64) AppleWebKit/537.36 Chrome/124.0 Safari/537.36"
151.249.79.49 - - [26/Aug/2025:08:19:36 -0700] "GET /shop HTTP/1.1" 200 3985 "-" "Mozilla/5.0 (Macintosh; Intel Mac OS X 10_15_7) AppleWebKit/605.1.15 Version/16.5 Safari/605.1.15"
72.142.248.55 - - [26/Aug/2025:08:19:38 -0700] "GET /shop HTTP/1.1" 200 439 "https://www.google.com/" "Mozilla/5.0 (iPhone; CPU iPhone OS 17_5 like Mac OS X) AppleWebKit/605.1.15 Mobile/15E148 Safari/604.1"
193.51.37.138 - - [26/Aug/2025:08:19:44 -0700] "GET /js/vendor.js HTTP/1.1" 200 1959 "https://example.com/" "Mozilla/5.0 (Macintosh; Intel Mac OS X 10_15_7) AppleWebKit/605.1.15 Version/16.5 Safari/605.1.15"
1.134.91.130 - - [26/Aug/2025:08:19:46 -0700] "GET /js/vendor.js HTTP/1.1" 404 95 "-" "Mozilla/5.0 (iPhone; CPU iPhone OS 17_5 like Mac OS X) AppleWebKit/605.1.15 Mobile/15E148 Safari/604.1"
172.35.64.33 - - [26/Aug/2025:08:19:49 -0700] "GET /index.jsp HTTP/1.1" 404 270 "https://example.com/" "Mozilla/5.0 (Macintosh; Intel Mac OS X 10_15_7) AppleWebKit/605.1.15 Version/16.5 Safari/605.1.15"
72.40.43.188 - - [26/Aug/2025:08:19:55 -0700] "GET /js/vendor.js HTTP/1.1" 200 3083 "https://example.com/" "Wget/1.21.4 (linux-gnu)"
66.135.67.239 - - [26/Aug/2025:08:19:59 -0700] "GET /js/vendor.js HTTP/1.1" 200 2765 "https://www.bing.com/" "Mozilla/5.0 (Macintosh; Intel Mac OS X 10_15_7) AppleWebKit/605.1.15 Version/16.5 Safari/605.1.15"
52.216.32.99 - - [26/Aug/2025:08:20:00 -0700] "GET /shop HTTP/1.1" 200 3382 "-" "Mozilla/5.0 (X11; Linux x86_64) Gecko/20100101 Firefox/126.0"
203.153.234.81 - - [26/Aug/2025:08:20:04 -0700] "GET /css/main.css HTTP/1.1" 200 4602 "-" "Mozilla/5.0 (Macintosh; Intel Mac OS X 10_15_7) AppleWebKit/605.1.15 Version/16.5 Safari/605.1.15"
128.205.137.17 - - [26/Aug/2025:08:20:10 -0700] "GET /css/site.css HTTP/1.1" 200 3894 "https://www.google.com/" "Wget/1.21.4 (linux-gnu)"
193.142.3.195 - - [26/Aug/2025:08:20:15 -0700] "GET /css/site.css HTTP/1.1" 304 287 "-" "Mozilla/5.0 (X11; Linux x86_64) Gecko/20100101 Firefox/126.0"
172.109.205.232 - - [26/Aug/2025:08:20:20 -0700] "GET /css/main.css HTTP/1.1" 200 1570 "https://example.com/" "curl/8.4.0"
31.126.20.159 - - [26/Aug/2025:08:20:21 -0700] "GET /docs HTTP/1.1" 200 2564 "https://www.google.com/" "Mozilla/5.0 (Windows NT 10.0; Win64; x64) AppleWebKit/537.36 Chrome/124.0 Safari/537.36"
66.229.71.109 - - [26/Aug/2025:08:20:23 -0700] "GET /js/app.js HTTP/1.1" 200 2394 "https://example.com/" "Wget/1.21.4 (linux-gnu)"
176.231.61.64 - - [26/Aug/2025:08:20:28 -0700] "GET /favicon.ico HTTP/1.1" 200 3682 "-" "Wget/1.21.4 (linux-gnu)"
145.239.128.249 - - [26/Aug/2025:08:20:29 -0700] "GET /css/site.css HTTP/1.1" 404 44 "-" "Mozilla/5.0 (X11; Linux x86_64) Gecko/20100101 Firefox/126.0"
72.51.194.72 - - [26/Aug/2025:08:20:33 -0700] "GET /favicon.ico HTTP/1.1" 200 3707 "https://www.google.com/" "Mozilla/5.0 (Macintosh; Intel Mac OS X 10_15_7) AppleWebKit/605.1.15 Version/16.5 Safari/605.1.15"
193.51.37.138 - - [26/Aug/2025:08:20:35 -0700] "GET /products HTTP/1.1" 200 4560 "https://www.google.com/" "Mozilla/5.0 (Macintosh; Intel Mac OS X 10_15_7) AppleWebKit/605.1.15 Version/16.5 Safari/605.1.15"
203.153.234.81 - - [26/Aug/2025:08:20:38 -0700] "HEAD /health HTTP/1.1" 200 4891 "https://www.google.com/" "Wget/1.21.4 (linux-gnu)"
145.135.232.74 - - [26/Aug/2025:08:20:41 -0700] "HEAD /shop HTTP/1.1" 304 30 "-" "Mozilla/5.0 (iPhone; CPU iPhone OS 17_5 like Mac OS X) AppleWebKit/605.1.15 Mobile/15E148 Safari/604.1"
160.186.83.95 - - [26/Aug/2025:08:20:44 -0700] "GET /products HTTP/1.1" 200 2227 "https://www.google.com/" "Mozilla/5.0 (iPhone; CPU iPhone OS 17_5 like Mac OS X) AppleWebKit/605.1.15 Mobile/15E148 Safari/604.1"
8.169.36.132 - - [26/Aug/2025:08:20:50 -0700] "GET /js/vendor.js HTTP/1.1" 200 3273 "https://www.google.com/" "curl/8.4.0"
23.194.49.92 - - [26/Aug/2025:08:20:54 -0700] "GET /css/main.css HTTP/1.1" 200 3223 "-" "Mozilla/5.0 (iPhone; CPU iPhone OS 17_5 like Mac OS X) AppleWebKit/605.1.15 Mobile/15E148 Safari/604.1"
72.85.208.125 - - [26/Aug/2025:08:20:58 -0700] "GET / HTTP/1.1" 304 47 "-" "Mozilla/5.0 (X11; Linux x86_64) Gecko/20100101 Firefox/126.0"
66.229.71.109 - - [26/Aug/2025:08:21:04 -0700] "GET /index.jsp HTTP/1.1" 200 3719 "https://www.bing.com/" "Mozilla/5.0 (iPhone; CPU iPhone OS 17_5 like Mac OS X) AppleWebKit/605.1.15 Mobile/15E148 Safari/604.1"
172.109.205.232 - - [26/Aug/2025:08:21:06 -0700] "GET /docs HTTP/1.1" 200 4837 "https://www.bing.com/" "Mozilla/5.0 (X11; Linux x86_64) Gecko/20100101 Firefox/126.0"
198.216.108.238 - - [26/Aug/2025:08:21:10 -0700] "GET / HTTP/1.1" 304 235 "-" "Mozilla/5.0 (iPhone; CPU iPhone OS 17_5 like Mac OS X) AppleWebKit/605.1.15 Mobile/15E148 Safari/604.1"
72.51.194.72 - - [26/Aug/2025:08:21:11 -0700] "GET /css/site.css HTTP/1.1" 302 1857 "https://example.com/" "Mozilla/5.0 (Macintosh; Intel Mac OS X 10_15_7) AppleWebKit/605.1.15 Version/16.5 Safari/605.1.15"
160.186.83.95 - - [26/Aug/2025:08:21:17 -0700] "GET /shop HTTP/1.1" 404 47 "https://www.bing.com/" "Mozilla/5.0 (iPhone; CPU iPhone OS 17_5 like Mac OS X) AppleWebKit/605.1.15 Mobile/15E148 Safari/604.1"
176.231.61.64 - - [26/Aug/2025:08:21:23 -0700] "GET /health HTTP/1.1" 200 624 "-" "Mozilla/5.0 (X11; Linux x86_64) Gecko/20100101 Firefox/126.0"
139.157.122.15 - - [26/Aug/2025:08:21:27 -0700] "GET /css/main.css HTTP/1.1" 304 0 "https://www.google.com/" "Mozilla/5.0 (iPhone; CPU iPhone OS 17_5 like Mac OS X) AppleWebKit/605.1.15 Mobile/15E148 Safari/604.1"
203.7.47.238 - - [26/Aug/2025:08:21:29 -0700] "GET /js/vendor.js HTTP/1.1" 200 276 "https://www.google.com/" "Mozilla/5.0 (Windows NT 10.0; Win64; x64) AppleWebKit/537.36 Chrome/124.0 Safari/537.36"
198.216.108.238 - - [26/Aug/2025:08:21:30 -0700] "GET /images/banner.jpg HTTP/1.1" 200 3338 "https://example.com/" "Mozilla/5.0 (Windows NT 10.0; Win64; x64) AppleWebKit/537.36 Chrome/124.0 Safari/537.36"
66.35.23.170 - - [26/Aug/2025:08:21:31 -0700] "GET /health HTTP/1.1" 200 1290 "https://www.bing.com/" "Mozilla/5.0 (Windows NT 10.0; Win64; x64) AppleWebKit/537.36 Chrome/124.0 Safari/537.36"
203.36.87.137 - - [26/Aug/2025:08:21:37 -0700] "GET /js/vendor.js HTTP/1.1" 200 3805 "-" "Mozilla/5.0 (Windows NT 10.0; Win64; x64) AppleWebKit/537.36 Chrome/124.0 Safari/537.36"
193.204.185.57 - - [26/Aug/2025:08:21:40 -0700] "GET /css/main.css HTTP/1.1" 200 1979 "https://www.google.com/" "Mozilla/5.0 (iPhone; CPU iPhone OS 17_5 like Mac OS X) AppleWebKit/605.1.15 Mobile/15E148 Safari/604.1"
185.150.185.148 - - [26/Aug/2025:08:21:41 -0700] "GET /js/vendor.js HTTP/1.1" 200 3717 "-" "Mozilla/5.0 (Macintosh; Intel Mac OS X 10_15_7) AppleWebKit/605.1.15 Version/16.5 Safari/605.1.15"
139.107.136.180 - - [26/Aug/2025:08:21:44 -0700] "GET /images/logo.png HTTP/1.1" 200 2534 "https://www.bing.com/" "Mozilla/5.0 (Macintosh; Intel Mac OS X 10_15_7) AppleWebKit/605.1.15 Version/16.5 Safari/605.1.15"
1.47.111.60 - - [26/Aug/2025:08:21:50 -0700] "GET /products HTTP/1.1" 200 3409 "https://www.bing.com/" "Mozilla/5.0 (iPhone; CPU iPhone OS 17_5 like Mac OS X) AppleWebKit/605.1.15 Mobile/15E148 Safari/604.1"
193.142.3.195 - - [26/Aug/2025:08:21:53 -0700] "GET /css/main.css HTTP/1.1" 200 781 "https://example.com/" "Mozilla/5.0 (Macintosh; Intel Mac OS X 10_15_7) AppleWebKit/605.1.15 Version/16.5 Safari/605.1.15"
91.125.114.36 - - [26/Aug/2025:08:21:58 -0700] "GET /shop HTTP/1.1" 304 215 "https://www.bing.com/" "Mozilla/5.0 (X11; Linux x86_64) Gecko/20100101 Firefox/126.0"
8.244.80.15 - - [26/Aug/2025:08:22:01 -0700] "GET /favicon.ico HTTP/1.1" 302 797 "https://www.google.com/" "Mozilla/5.0 (iPhone; CPU iPhone OS 17_5 like Mac OS X) AppleWebKit/605.1.15 Mobile/15E148 Safari/604.1"
91.202.67.172 - - [26/Aug/2025:08:22:02 -0700] "GET /docs HTTP/1.1" 404 203 "-" "Mozilla/5.0 (Windows NT 10.0; Win64; x64) AppleWebKit/537.36 Chrome/124.0 Safari/537.36"
31.152.101.40 - - [26/Aug/2025:08:22:07 -0700] "GET /favicon.ico HTTP/1.1" 304 42 "-" "Mozilla/5.0 (iPhone; CPU iPhone OS 17_5 like Mac OS X) AppleWebKit/605.1.15 Mobile/15E148 Safari/604.1"
185.31.160.15 - - [26/Aug/2025:08:22:13 -0700] "GET /shop HTTP/1.1" 200 4388 "-" "Wget/1.21.4 (linux-gnu)"
72.83.236.98 - - [26/Aug/2025:08:22:15 -0700] "GET /css/main.css HTTP/1.1" 304 332 "https://www.bing.com/" "Wget/1.21.4 (linux-gnu)"
45.110.172.27 - - [26/Aug/2025:08:22:21 -0700] "HEAD /images/banner.jpg HTTP/1.1" 200 2202 "https://example.com/" "Mozilla/5.0 (X11; Linux x86_64) Gecko/20100101 Firefox/126.0"
151.239.27.173 - - [26/Aug/2025:08:22:22 -0700] "GET /js/vendor.js HTTP/1.1" 200 1638 "https://example.com/" "Mozilla/5.0 (Windows NT 10.0; Win64; x64) AppleWebKit/537.36 Chrome/124.0 Safari/537.36"
91.125.114.36 - - [26/Aug/2025:08:22:23 -0700] "GET /images/banner.jpg HTTP/1.1" 200 3040 "https://www.google.com/" "Mozilla/5.0 (iPhone; CPU iPhone OS 17_5 like Mac OS X) AppleWebKit/605.1.15 Mobile/15E148 Safari/604.1"
151.249.79.49 - - [26/Aug/2025:08:22:28 -0700] "GET /shop HTTP/1.1" 304 137 "https://www.bing.com/" "Mozilla/5.0 (iPhone; CPU iPhone OS 17_5 like Mac OS X) AppleWebKit/605.1.15 Mobile/15E148 Safari/604.1"
72.51.194.72 - - [26/Aug/2025:08:22:34 -0700] "GET /favicon.ico HTTP/1.1" 200 2354 "https://www.bing.com/" "Mozilla/5.0 (Windows NT 10.0; Win64; x64) AppleWebKit/537.36 Chrome/124.0 Safari/537.36"
23.214.161.240 - - [26/Aug/2025:08:22:40 -0700] "GET /css/site.css HTTP/1.1" 200 4292 "-" "Mozilla/5.0 (iPhone; CPU iPhone OS 17_5 like Mac OS X) AppleWebKit/605.1.15 Mobile/15E148 Safari/604.1"
8.117.16.207 - - [26/Aug/2025:08:22:45 -0700] "GET /docs HTTP/1.1" 404 345 "https://www.google.com/" "Mozilla/5.0 (X11; Linux x86_64) Gecko/20100101 Firefox/126.0"
72.148.40.219 - - [26/Aug/2025:08:22:51 -0700] "GET / HTTP/1.1" 404 125 "-" "Mozilla/5.0 (Macintosh; Intel Mac OS X 10_15_7) AppleWebKit/605.1.15 Version/16.5 Safari/605.1.15"
23.226.50.13 - - [26/Aug/2025:08:22:52 -0700] "GET /shop HTTP/1.1" 302 489 "https://example.com/" "Mozilla/5.0 (X11; Linux x86_64) Gecko/20100101 Firefox/126.0"
172.208.97.25 - - [26/Aug/2025:08:22:57 -0700] "GET /products HTTP/1.1" 304 138 "https://www.bing.com/" "Mozilla/5.0 (Macintosh; Intel Mac OS X 10_15_7) AppleWebKit/605.1.15 Version/16.5 Safari/605.1.15"
23.214.161.240 - - [26/Aug/2025:08:22:58 -0700] "GET /js/app.js HTTP/1.1" 200 2028 "-" "Mozilla/5.0 (X11; Linux x86_64) Gecko/20100101 Firefox/126.0"
203.214.112.115 - - [26/Aug/2025:08:23:03 -0700] "GET /css/site.css HTTP/1.1" 304 159 "-" "curl/8.4.0"
160.63.193.21 - - [26/Aug/2025:08:23:06 -0700] "GET / HTTP/1.1" 200 2689 "https://example.com/" "Wget/1.21.4 (linux-gnu)"
66.135.67.239 - - [26/Aug/2025:08:23:12 -0700] "GET /health HTTP/1.1" 200 1800 "https://example.com/" "Mozilla/5.0 (Macintosh; Intel Mac OS X 10_15_7) AppleWebKit/605.1.15 Version/16.5 Safari/605.1.15"
8.244.80.15 - - [26/Aug/2025:08:23:18 -0700] "GET / HTTP/1.1" 200 4636 "https://www.google.com/" "Mozilla/5.0 (Macintosh; Intel Mac OS X 10_15_7) AppleWebKit/605.1.15 Version/16.5 Safari/605.1.15"
91.125.114.36 - - [26/Aug/2025:08:23:21 -0700] "GET /favicon.ico HTTP/1.1" 304 372 "-" "Mozilla/5.0 (X11; Linux x86_64) Gecko/20100101 Firefox/126.0"
66.35.23.170 - - [26/Aug/2025:08:23:24 -0700] "GET /products HTTP/1.1" 302 1366 "-" "Mozilla/5.0 (Macintosh; Intel Mac OS X 10_15_7) AppleWebKit/605.1.15 Version/16.5 Safari/605.1.15"
1.134.91.130 - - [26/Aug/2025:08:23:30 -0700] "GET /products HTTP/1.1" 200 3251 "-" "Mozilla/5.0 (Windows NT 10.0; Win64; x64) AppleWebKit/537.36 Chrome/124.0 Safari/537.36"
139.135.22.187 - - [26/Aug/2025:08:23:34 -0700] "GET /js/app.js HTTP/1.1" 304 38 "-" "Wget/1.21.4 (linux-gnu)"
31.126.20.159 - - [26/Aug/2025:08:23:39 -0700] "HEAD /images/logo.png HTTP/1.1" 200 2338 "https://example.com/" "Mozilla/5.0 (Windows NT 10.0; Win64; x64) AppleWebKit/537.36 Chrome/124.0 Safari/537.36"
8.169.36.132 - - [26/Aug/2025:08:23:42 -0700] "GET /health HTTP/1.1" 200 1860 "https://www.bing.com/" "Mozilla/5.0 (iPhone; CPU iPhone OS 17_5 like Mac OS X) AppleWebKit/605.1.15 Mobile/15E148 Safari/604.1"
91.104.160.62 - - [26/Aug/2025:08:23:44 -0700] "GET /index.jsp HTTP/1.1" 200 3530 "https://www.google.com/" "Mozilla/5.0 (Windows NT 10.0; Win64; x64) AppleWebKit/537.36 Chrome/124.0 Safari/537.36"
185.31.160.15 - - [26/Aug/2025:08:23:45 -0700] "GET /css/site.css HTTP/1.1" 200 1182 "https://www.google.com/" "Mozilla/5.0 (X11; Linux x86_64) Gecko/20100101 Firefox/126.0"
91.112.166.216 - - [26/Aug/2025:08:23:46 -0700] "GET /images/banner.jpg HTTP/1.1" 200 2885 "https://www.bing.com/" "Mozilla/5.0 (iPhone; CPU iPhone OS 17_5 like Mac OS X) AppleWebKit/605.1.15 Mobile/15E148 Safari/604.1"
160.63.193.21 - - [26/Aug/2025:08:23:48 -0700] "GET /health HTTP/1.1" 200 2648 "https://www.google.com/" "Mozilla/5.0 (iPhone; CPU iPhone OS 17_5 like Mac OS X) AppleWebKit/605.1.15 Mobile/15E148 Safari/604.1"
128.205.137.17 - - [26/Aug/2025:08:23:51 -0700] "GET /css/site.css HTTP/1.1" 200 975 "https://example.com/" "Mozilla/5.0 (Windows NT 10.0; Win64; x64) AppleWebKit/537.36 Chrome/124.0 Safari/537.36"
66.35.23.170 - - [26/Aug/2025:08:23:55 -0700] "GET / HTTP/1.1" 304 113 "-" "Mozilla/5.0 (Macintosh; Intel Mac OS X 10_15_7) AppleWebKit/605.1.15 Version/16.5 Safari/605.1.15"
91.71.126.191 - - [26/Aug/2025:08:23:57 -0700] "GET /images/logo.png HTTP/1.1" 200 4970 "https://www.bing.com/" "curl/8.4.0"
185.136.174.29 - - [26/Aug/2025:08:24:02 -0700] "GET /index.jsp HTTP/1.1" 200 1255 "-" "Mozilla/5.0 (Windows NT 10.0; Win64; x64) AppleWebKit/537.36 Chrome/124.0 Safari/537.36"
172.84.135.136 - - [26/Aug/2025:08:24:03 -0700] "GET /css/site.css HTTP/1.1" 404 221 "-" "Mozilla/5.0 (Windows NT 10.0; Win64; x64) AppleWebKit/537.36 Chrome/124.0 Safari/537.36"
8.169.36.132 - - [26/Aug/2025:08:24:09 -0700] "GET /css/main.css HTTP/1.1" 200 1958 "-" "curl/8.4.0"
1.134.91.130 - - [26/Aug/2025:08:24:11 -0700] "GET /shop HTTP/1.1" 200 2213 "https://example.com/" "Mozilla/5.0 (X11; Linux x86_64) Gecko/20100101 Firefox/126.0"
139.82.0.154 - - [26/Aug/2025:08:24:17 -0700] "GET /js/app.js HTTP/1.1" 200 3337 "https://example.com/" "curl/8.4.0"
172.208.97.25 - - [26/Aug/2025:08:24:19 -0700] "GET /products HTTP/1.1" 304 9 "-" "Mozilla/5.0 (Macintosh; Intel Mac OS X 10_15_7) AppleWebKit/605.1.15 Version/16.5 Safari/605.1.15"
203.191.224.231 - - [26/Aug/2025:08:24:23 -0700] "GET /favicon.ico HTTP/1.1" 404 257 "-" "curl/8.4.0"
23.30.117.18 - - [26/Aug/2025:08:24:26 -0700] "GET / HTTP/1.1" 200 2501 "https://www.google.com/" "Mozilla/5.0 (X11; Linux x86_64) Gecko/20100101 Firefox/126.0"
23.226.50.13 - - [26/Aug/2025:08:24:27 -0700] "GET /favicon.ico HTTP/1.1" 200 1507 "https://www.bing.com/" "Wget/1.21.4 (linux-gnu)"
145.239.128.249 - - [26/Aug/2025:08:24:28 -0700] "GET /docs HTTP/1.1" 304 377 "https://www.google.com/" "Mozilla/5.0 (iPhone; CPU iPhone OS 17_5 like Mac OS X) AppleWebKit/605.1.15 Mobile/15E148 Safari/604.1"
45.252.46.194 - - [26/Aug/2025:08:24:29 -0700] "GET /health HTTP/1.1" 302 1623 "https://example.com/" "Wget/1.21.4 (linux-gnu)"
52.216.32.99 - - [26/Aug/2025:08:24:31 -0700] "GET /favicon.ico HTTP/1.1" 200 431 "https://www.bing.com/" "Wget/1.21.4 (linux-gnu)"
203.191.224.231 - - [26/Aug/2025:08:24:37 -0700] "GET /shop HTTP/1.1" 200 4232 "-" "Wget/1.21.4 (linux-gnu)"
139.157.122.15 - - [26/Aug/2025:08:24:42 -0700] "GET / HTTP/1.1" 200 1992 "https://example.com/" "Mozilla/5.0 (Macintosh; Intel Mac OS X 10_15_7) AppleWebKit/605.1.15 Version/16.5 Safari/605.1.15"
104.111.29.149 - - [26/Aug/2025:08:24:43 -0700] "GET /health HTTP/1.1" 200 1268 "-" "curl/8.4.0"
128.205.137.17 - - [26/Aug/2025:08:24:46 -0700] "GET / HTTP/1.1" 304 72 "-" "Mozilla/5.0 (X11; Linux x86_64) Gecko/20100101 Firefox/126.0"
104.111.29.149 - - [26/Aug/2025:08:24:47 -0700] "GET /health HTTP/1.1" 200 5000 "-" "Mozilla/5.0 (X11; Linux x86_64) Gecko/20100101 Firefox/126.0"
198.216.108.238 - - [26/Aug/2025:08:24:48 -0700] "HEAD /shop HTTP/1.1" 304 223 "https://www.bing.com/" "Mozilla/5.0 (X11; Linux x86_64) Gecko/20100101 Firefox/126.0"
72.85.208.125 - - [26/Aug/2025:08:24:54 -0700] "GET /shop HTTP/1.1" 200 3123 "https://www.bing.com/" "Mozilla/5.0 (iPhone; CPU iPhone OS 17_5 like Mac OS X) AppleWebKit/605.1.15 Mobile/15E148 Safari/604.1"
91.202.67.172 - - [26/Aug/2025:08:24:56 -0700] "GET /docs HTTP/1.1" 200 1655 "https://example.com/" "Mozilla/5.0 (Macintosh; Intel Mac OS X 10_15_7) AppleWebKit/605.1.15 Version/16.5 Safari/605.1.15"
203.57.12.190 - - [26/Aug/2025:08:25:02 -0700] "GET /css/main.css HTTP/1.1" 304 290 "-" "Mozilla/5.0 (iPhone; CPU iPhone OS 17_5 like Mac OS X) AppleWebKit/605.1.15 Mobile/15E148 Safari/604.1"
66.161.108.168 - - [26/Aug/2025:08:25:03 -0700] "HEAD /favicon.ico HTTP/1.1" 200 4832 "https://www.bing.com/" "Wget/1.21.4 (linux-gnu)"
172.109.205.232 - - [26/Aug/2025:08:25:04 -0700] "GET /images/banner.jpg HTTP/1.1" 200 2817 "https://www.bing.com/" "Mozilla/5.0 (Macintosh; Intel Mac OS X 10_15_7) AppleWebKit/605.1.15 Version/16.5 Safari/605.1.15"
160.63.193.21 - - [26/Aug/2025:08:25:06 -0700] "GET /css/site.css HTTP/1.1" 200 755 "https://www.bing.com/" "Mozilla/5.0 (iPhone; CPU iPhone OS 17_5 like Mac OS X) AppleWebKit/605.1.15 Mobile/15E148 Safari/604.1"
185.5.58.175 - - [26/Aug/2025:08:25:09 -0700] "GET / HTTP/1.1" 304 85 "-" "Mozilla/5.0 (Windows NT 10.0; Win64; x64) AppleWebKit/537.36 Chrome/124.0 Safari/537.36"
172.109.205.232 - - [26/Aug/2025:08:25:13 -0700] "GET /js/app.js HTTP/1.1" 304 295 "https://www.bing.com/" "curl/8.4.0"
45.252.46.194 - - [26/Aug/2025:08:25:19 -0700] "GET /index.jsp HTTP/1.1" 200 364 "https://example.com/" "Mozilla/5.0 (Macintosh; Intel Mac OS X 10_15_7) AppleWebKit/605.1.15 Version/16.5 Safari/605.1.15"
185.136.174.29 - - [26/Aug/2025:08:25:22 -0700] "GET /health HTTP/1.1" 200 814 "-" "Mozilla/5.0 (Windows NT 10.0; Win64; x64) AppleWebKit/537.36 Chrome/124.0 Safari/537.36"
160.63.193.21 - - [26/Aug/2025:08:25:27 -0700] "GET /js/vendor.js HTTP/1.1" 304 220 "-" "Mozilla/5.0 (X11; Linux x86_64) Gecko/20100101 Firefox/126.0"
8.117.16.207 - - [26/Aug/2025:08:25:33 -0700] "GET /shop HTTP/1.1" 200 1756 "https://example.com/" "Wget/1.21.4 (linux-gnu)"
176.41.95.18 - - [26/Aug/2025:08:25:37 -0700] "GET /docs HTTP/1.1" 200 985 "-" "Mozilla/5.0 (iPhone; CPU iPhone OS 17_5 like Mac OS X) AppleWebKit/605.1.15 Mobile/15E148 Safari/604.1"
8.169.36.132 - - [26/Aug/2025:08:25:38 -0700] "GET /css/site.css HTTP/1.1" 200 3702 "-" "Wget/1.21.4 (linux-gnu)"
139.82.0.154 - - [26/Aug/2025:08:25:39 -0700] "GET /css/site.css HTTP/1.1" 200 1599 "-" "Mozilla/5.0 (iPhone; CPU iPhone OS 17_5 like Mac OS X) AppleWebKit/605.1.15 Mobile/15E148 Safari/604.1"
139.82.0.154 - - [26/Aug/2025:08:25:45 -0700] "GET /index.jsp HTTP/1.1" 200 4206 "https://example.com/" "Mozilla/5.0 (Windows NT 10.0; Win64; x64) AppleWebKit/537.36 Chrome/124.0 Safari/537.36"
185.136.174.29 - - [26/Aug/2025:08:25:51 -0700] "GET /css/main.css HTTP/1.1" 404 189 "-" "Mozilla/5.0 (Windows NT 10.0; Win64; x64) AppleWebKit/537.36 Chrome/124.0 Safari/537.36"
128.55.127.50 - - [26/Aug/2025:08:25:53 -0700] "GET /css/site.css HTTP/1.1" 200 2400 "https://www.bing.com/" "Mozilla/5.0 (Windows NT 10.0; Win64; x64) AppleWebKit/537.36 Chrome/124.0 Safari/537.36"
52.216.174.72 - - [26/Aug/2025:08:25:58 -0700] "GET /index.jsp HTTP/1.1" 304 211 "-" "Mozilla/5.0 (Macintosh; Intel Mac OS X 10_15_7) AppleWebKit/605.1.15 Version/16.5 Safari/605.1.15"
8.56.78.161 - - [26/Aug/2025:08:26:03 -0700] "GET /css/main.css HTTP/1.1" 200 4586 "-" "Wget/1.21.4 (linux-gnu)"
23.226.50.13 - - [26/Aug/2025:08:26:09 -0700] "GET /css/site.css HTTP/1.1" 200 484 "https://www.google.com/" "Wget/1.21.4 (linux-gnu)"
23.214.161.240 - - [26/Aug/2025:08:26:14 -0700] "HEAD /images/logo.png HTTP/1.1" 200 3878 "-" "Wget/1.21.4 (linux-gnu)"
8.117.16.207 - - [26/Aug/2025:08:26:16 -0700] "GET /shop HTTP/1.1" 200 3766 "https://www.google.com/" "Mozilla/5.0 (Macintosh; Intel Mac OS X 10_15_7) AppleWebKit/605.1.15 Version/16.5 Safari/605.1.15"
203.36.87.137 - - [26/Aug/2025:08:26:18 -0700] "GET /health HTTP/1.1" 404 34 "https://www.bing.com/" "Wget/1.21.4 (linux-gnu)"
23.30.117.18 - - [26/Aug/2025:08:26:19 -0700] "GET /js/app.js HTTP/1.1" 200 3953 "https://example.com/" "Wget/1.21.4 (linux-gnu)"
66.135.67.239 - - [26/Aug/2025:08:26:20 -0700] "GET /favicon.ico HTTP/1.1" 200 1414 "-" "Wget/1.21.4 (linux-gnu)"
91.202.67.172 - - [26/Aug/2025:08:26:25 -0700] "GET /index.jsp HTTP/1.1" 200 2543 "-" "Wget/1.21.4 (linux-gnu)"
185.102.159.103 - - [26/Aug/2025:08:26:30 -0700] "GET /css/main.css HTTP/1.1" 200 4075 "https://www.bing.com/" "curl/8.4.0"
128.205.137.17 - - [26/Aug/2025:08:26:31 -0700] "GET /shop HTTP/1.1" 200 3490 "https://example.com/" "Mozilla/5.0 (X11; Linux x86_64) Gecko/20100101 Firefox/126.0"
8.169.36.132 - - [26/Aug/2025:08:26:32 -0700] "GET / HTTP/1.1" 404 190 "https://www.google.com/" "Mozilla/5.0 (X11; Linux x86_64) Gecko/20100101 Firefox/126.0"
198.216.108.238 - - [26/Aug/2025:08:26:33 -0700] "GET /docs HTTP/1.1" 404 350 "https://www.bing.com/" "Mozilla/5.0 (X11; Linux x86_64) Gecko/20100101 Firefox/126.0"
8.56.78.161 - - [26/Aug/2025:08:26:34 -0700] "GET /images/banner.jpg HTTP/1.1" 304 137 "https://www.bing.com/" "Mozilla/5.0 (Macintosh; Intel Mac OS X 10_15_7) AppleWebKit/605.1.15 Version/16.5 Safari/605.1.15"
172.208.97.25 - - [26/Aug/2025:08:26:40 -0700] "GET /products HTTP/1.1" 404 208 "-" "Wget/1.21.4 (linux-gnu)"
72.85.208.125 - - [26/Aug/2025:08:26:46 -0700] "GET / HTTP/1.1" 200 2748 "https://www.bing.com/" "Wget/1.21.4 (linux-gnu)"
8.84.194.1 - - [26/Aug/2025:08:26:52 -0700] "GET /favicon.ico HTTP/1.1" 404 14 "https://www.google.com/" "curl/8.4.0"
172.202.234.37 - - [26/Aug/2025:08:26:54 -0700] "GET /products HTTP/1.1" 200 3152 "-" "Mozilla/5.0 (Macintosh; Intel Mac OS X 10_15_7) AppleWebKit/605.1.15 Version/16.5 Safari/605.1.15"
91.71.126.191 - - [26/Aug/2025:08:27:00 -0700] "GET /css/site.css HTTP/1.1" 200 1214 "https://www.bing.com/" "Mozilla/5.0 (X11; Linux x86_64) Gecko/20100101 Firefox/126.0"
1.47.111.60 - - [26/Aug/2025:08:27:06 -0700] "GET /css/site.css HTTP/1.1" 200 4087 "https://www.bing.com/" "Mozilla/5.0 (Macintosh; Intel Mac OS X 10_15_7) AppleWebKit/605.1.15 Version/16.5 Safari/605.1.15"
176.41.95.18 - - [26/Aug/2025:08:27:11 -0700] "GET /shop HTTP/1.1" 200 940 "https://www.bing.com/" "Mozilla/5.0 (X11; Linux x86_64) Gecko/20100101 Firefox/126.0"
1.47.111.60 - - [26/Aug/2025:08:27:14 -0700] "GET /shop HTTP/1.1" 304 109 "-" "curl/8.4.0"
45.252.46.194 - - [26/Aug/2025:08:27:16 -0700] "GET /docs HTTP/1.1" 200 272 "https://www.google.com/" "Mozilla/5.0 (iPhone; CPU iPhone OS 17_5 like Mac OS X) AppleWebKit/605.1.15 Mobile/15E148 Safari/604.1"
160.186.83.95 - - [26/Aug/2025:08:27:20 -0700] "GET /js/vendor.js HTTP/1.1" 200 2702 "https://www.google.com/" "Mozilla/5.0 (iPhone; CPU iPhone OS 17_5 like Mac OS X) AppleWebKit/605.1.15 Mobile/15E148 Safari/604.1"
1.134.91.130 - - [26/Aug/2025:08:27:26 -0700] "GET /health HTTP/1.1" 200 2675 "https://example.com/" "curl/8.4.0"
151.249.79.49 - - [26/Aug/2025:08:27:32 -0700] "GET /js/vendor.js HTTP/1.1" 200 3265 "https://example.com/" "Wget/1.21.4 (linux-gnu)"
203.153.234.81 - - [26/Aug/2025:08:27:37 -0700] "GET /docs HTTP/1.1" 200 2954 "https://www.bing.com/" "Wget/1.21.4 (linux-gnu)"
172.35.64.33 - - [26/Aug/2025:08:27:40 -0700] "GET /images/logo.png HTTP/1.1" 404 152 "https://www.bing.com/" "Mozilla/5.0 (X11; Linux x86_64) Gecko/20100101 Firefox/126.0"
72.83.236.98 - - [26/Aug/2025:08:27:42 -0700] "GET / HTTP/1.1" 304 307 "https://www.google.com/" "Wget/1.21.4 (linux-gnu)"
72.40.43.188 - - [26/Aug/2025:08:27:46 -0700] "GET /images/banner.jpg HTTP/1.1" 200 2621 "https://www.google.com/" "Mozilla/5.0 (iPhone; CPU iPhone OS 17_5 like Mac OS X) AppleWebKit/605.1.15 Mobile/15E148 Safari/604.1"
172.208.97.25 - - [26/Aug/2025:08:27:49 -0700] "GET /images/banner.jpg HTTP/1.1" 304 292 "https://example.com/" "curl/8.4.0"
198.216.108.238 - - [26/Aug/2025:08:27:51 -0700] "GET /images/logo.png HTTP/1.1" 304 343 "https://www.google.com/" "Mozilla/5.0 (iPhone; CPU iPhone OS 17_5 like Mac OS X) AppleWebKit/605.1.15 Mobile/15E148 Safari/604.1"
8.84.194.1 - - [26/Aug/2025:08:27:54 -0700] "GET /images/logo.png HTTP/1.1" 200 999 "https://www.google.com/" "Mozilla/5.0 (X11; Linux x86_64) Gecko/20100101 Firefox/126.0"
160.186.83.95 - - [26/Aug/2025:08:27:58 -0700] "GET /images/banner.jpg HTTP/1.1" 304 93 "https://www.bing.com/" "Mozilla/5.0 (iPhone; CPU iPhone OS 17_5 like Mac OS X) AppleWebKit/605.1.15 Mobile/15E148 Safari/604.1"
172.84.135.136 - - [26/Aug/2025:08:28:04 -0700] "GET /products HTTP/1.1" 304 157 "-" "Mozilla/5.0 (iPhone; CPU iPhone OS 17_5 like Mac OS X) AppleWebKit/605.1.15 Mobile/15E148 Safari/604.1"
172.84.135.136 - - [26/Aug/2025:08:28:08 -0700] "GET /js/vendor.js HTTP/1.1" 404 240 "https://www.bing.com/" "Mozilla/5.0 (X11; Linux x86_64) Gecko/20100101 Firefox/126.0"
91.104.160.62 - - [26/Aug/2025:08:28:09 -0700] "GET /index.jsp HTTP/1.1" 200 1181 "-" "Wget/1.21.4 (linux-gnu)"
193.117.112.2 - - [26/Aug/2025:08:28:15 -0700] "GET /css/main.css HTTP/1.1" 404 70 "https://www.bing.com/" "Wget/1.21.4 (linux-gnu)"
198.216.108.238 - - [26/Aug/2025:08:28:17 -0700] "GET /css/site.css HTTP/1.1" 404 92 "-" "curl/8.4.0"
72.85.208.125 - - [26/Aug/2025:08:28:18 -0700] "GET /health HTTP/1.1" 200 2440 "https://www.google.com/" "Mozilla/5.0 (X11; Linux x86_64) Gecko/20100101 Firefox/126.0"
8.117.16.207 - - [26/Aug/2025:08:28:20 -0700] "GET /css/site.css HTTP/1.1" 304 66 "https://www.google.com/" "Wget/1.21.4 (linux-gnu)"
151.239.27.173 - - [26/Aug/2025:08:28:25 -0700] "GET /css/main.css HTTP/1.1" 200 238 "https://example.com/" "Mozilla/5.0 (iPhone; CPU iPhone OS 17_5 like Mac OS X) AppleWebKit/605.1.15 Mobile/15E148 Safari/604.1"
185.31.160.15 - - [26/Aug/2025:08:28:26 -0700] "GET / HTTP/1.1" 304 271 "https://www.bing.com/" "Mozilla/5.0 (Macintosh; Intel Mac OS X 10_15_7) AppleWebKit/605.1.15 Version/16.5 Safari/605.1.15"
31.44.216.9 - - [26/Aug/2025:08:28:28 -0700] "GET /images/logo.png HTTP/1.1" 200 3020 "-" "Mozilla/5.0 (iPhone; CPU iPhone OS 17_5 like Mac OS X) AppleWebKit/605.1.15 Mobile/15E148 Safari/604.1"
160.186.83.95 - - [26/Aug/2025:08:28:31 -0700] "GET /js/app.js HTTP/1.1" 200 574 "https://example.com/" "Mozilla/5.0 (Windows NT 10.0; Win64; x64) AppleWebKit/537.36 Chrome/124.0 Safari/537.36"
139.82.0.154 - - [26/Aug/2025:08:28:34 -0700] "GET /js/vendor.js HTTP/1.1" 200 1296 "-" "curl/8.4.0"
72.85.208.125 - - [26/Aug/2025:08:28:37 -0700] "GET /shop HTTP/1.1" 404 206 "https://www.google.com/" "Mozilla/5.0 (X11; Linux x86_64) Gecko/20100101 Firefox/126.0"
8.56.78.161 - - [26/Aug/2025:08:28:38 -0700] "GET /products HTTP/1.1" 200 1584 "https://www.google.com/" "Mozilla/5.0 (Macintosh; Intel Mac OS X 10_15_7) AppleWebKit/605.1.15 Version/16.5 Safari/605.1.15"
176.231.61.64 - - [26/Aug/2025:08:28:39 -0700] "GET /css/main.css HTTP/1.1" 200 4580 "-" "Mozilla/5.0 (iPhone; CPU iPhone OS 17_5 like Mac OS X) AppleWebKit/605.1.15 Mobile/15E148 Safari/604.1"
193.142.3.195 - - [26/Aug/2025:08:28:44 -0700] "GET /images/logo.png HTTP/1.1" 304 24 "-" "Wget/1.21.4 (linux-gnu)"
72.148.40.219 - - [26/Aug/2025:08:28:50 -0700] "GET /css/main.css HTTP/1.1" 200 1454 "https://example.com/" "curl/8.4.0"
91.125.114.36 - - [26/Aug/2025:08:28:52 -0700] "GET /images/logo.png HTTP/1.1" 200 1323 "https://example.com/" "Mozilla/5.0 (X11; Linux x86_64) Gecko/20100101 Firefox/126.0"
66.35.23.170 - - [26/Aug/2025:08:28:56 -0700] "GET /index.jsp HTTP/1.1" 304 254 "-" "Wget/1.21.4 (linux-gnu)"
23.4.234.160 - - [26/Aug/2025:08:28:58 -0700] "HEAD /js/app.js HTTP/1.1" 200 3556 "https://www.bing.com/" "Mozilla/5.0 (Macintosh; Intel Mac OS X 10_15_7) AppleWebKit/605.1.15 Version/16.5 Safari/605.1.15"
91.112.166.216 - - [26/Aug/2025:08:29:01 -0700] "GET /css/site.css HTTP/1.1" 200 4137 "-" "Mozilla/5.0 (Windows NT 10.0; Win64; x64) AppleWebKit/537.36 Chrome/124.0 Safari/537.36"
52.216.32.99 - - [26/Aug/2025:08:29:04 -0700] "GET /images/logo.png HTTP/1.1" 200 4903 "-" "Mozilla/5.0 (Windows NT 10.0; Win64; x64) AppleWebKit/537.36 Chrome/124.0 Safari/537.36"
172.109.205.232 - - [26/Aug/2025:08:29:10 -0700] "GET /favicon.ico HTTP/1.1" 304 51 "-" "Mozilla/5.0 (Macintosh; Intel Mac OS X 10_15_7) AppleWebKit/605.1.15 Version/16.5 Safari/605.1.15"
8.56.78.161 - - [26/Aug/2025:08:29:13 -0700] "GET /docs HTTP/1.1" 200 1631 "https://www.bing.com/" "curl/8.4.0"
139.82.0.154 - - [26/Aug/2025:08:29:14 -0700] "GET /css/main.css HTTP/1.1" 200 575 "https://www.bing.com/" "Mozilla/5.0 (X11; Linux x86_64) Gecko/20100101 Firefox/126.0"
139.107.136.180 - - [26/Aug/2025:08:29:15 -0700] "GET /health HTTP/1.1" 200 2397 "https://www.google.com/" "Mozilla/5.0 (iPhone; CPU iPhone OS 17_5 like Mac OS X) AppleWebKit/605.1.15 Mobile/15E148 Safari/604.1"
160.63.193.21 - - [26/Aug/2025:08:29:21 -0700] "GET /shop HTTP/1.1" 200 3939 "https://www.bing.com/" "Mozilla/5.0 (X11; Linux x86_64) Gecko/20100101 Firefox/126.0"
23.30.117.18 - - [26/Aug/2025:08:29:24 -0700] "GET /favicon.ico HTTP/1.1" 404 85 "https://example.com/" "Mozilla/5.0 (iPhone; CPU iPhone OS 17_5 like Mac OS X) AppleWebKit/605.1.15 Mobile/15E148 Safari/604.1"
160.186.83.95 - - [26/Aug/2025:08:29:25 -0700] "GET /shop HTTP/1.1" 404 247 "-" "Mozilla/5.0 (iPhone; CPU iPhone OS 17_5 like Mac OS X) AppleWebKit/605.1.15 Mobile/15E148 Safari/604.1"
203.50.31.104 - - [26/Aug/2025:08:29:30 -0700] "GET /css/main.css HTTP/1.1" 200 1270 "-" "Mozilla/5.0 (Macintosh; Intel Mac OS X 10_15_7) AppleWebKit/605.1.15 Version/16.5 Safari/605.1.15"
72.85.208.125 - - [26/Aug/2025:08:29:34 -0700] "GET /css/site.css HTTP/1.1" 200 2774 "https://example.com/" "Mozilla/5.0 (Windows NT 10.0; Win64; x64) AppleWebKit/537.36 Chrome/124.0 Safari/537.36"
104.111.29.149 - - [26/Aug/2025:08:29:35 -0700] "GET /images/banner.jpg HTTP/1.1" 302 2971 "-" "Mozilla/5.0 (iPhone; CPU iPhone OS 17_5 like Mac OS X) AppleWebKit/605.1.15 Mobile/15E148 Safari/604.1"
151.249.79.49 - - [26/Aug/2025:08:29:40 -0700] "GET /index.jsp HTTP/1.1" 304 246 "-" "Mozilla/5.0 (iPhone; CPU iPhone OS 17_5 like Mac OS X) AppleWebKit/605.1.15 Mobile/15E148 Safari/604.1"
23.30.117.18 - - [26/Aug/2025:08:29:43 -0700] "GET /js/vendor.js HTTP/1.1" 200 1485 "-" "Mozilla/5.0 (Macintosh; Intel Mac OS X 10_15_7) AppleWebKit/605.1.15 Version/16.5 Safari/605.1.15"
23.226.50.13 - - [26/Aug/2025:08:29:48 -0700] "GET /index.jsp HTTP/1.1" 200 2910 "https://www.google.com/" "curl/8.4.0"
193.142.3.195 - - [26/Aug/2025:08:29:51 -0700] "GET /js/app.js HTTP/1.1" 200 2125 "https://www.google.com/" "Wget/1.21.4 (linux-gnu)"
66.229.71.109 - - [26/Aug/2025:08:29:52 -0700] "GET /css/site.css HTTP/1.1" 200 2789 "-" "curl/8.4.0"
172.109.205.232 - - [26/Aug/2025:08:29:53 -0700] "GET /index.jsp HTTP/1.1" 200 4698 "-" "Mozilla/5.0 (iPhone; CPU iPhone OS 17_5 like Mac OS X) AppleWebKit/605.1.15 Mobile/15E148 Safari/604.1"
160.63.193.21 - - [26/Aug/2025:08:29:54 -0700] "GET /images/logo.png HTTP/1.1" 200 1894 "-" "Wget/1.21.4 (linux-gnu)"
66.229.71.109 - - [26/Aug/2025:08:30:00 -0700] "GET / HTTP/1.1" 304 169 "https://www.bing.com/" "Mozilla/5.0 (X11; Linux x86_64) Gecko/20100101 Firefox/126.0"
66.135.67.239 - - [26/Aug/2025:08:30:05 -0700] "GET /images/banner.jpg HTTP/1.1" 304 58 "https://example.com/" "Wget/1.21.4 (linux-gnu)"
45.252.46.194 - - [26/Aug/2025:08:30:06 -0700] "GET /health HTTP/1.1" 302 2591 "https://www.bing.com/" "Mozilla/5.0 (Windows NT 10.0; Win64; x64) AppleWebKit/537.36 Chrome/124.0 Safari/537.36"
151.249.79.49 - - [26/Aug/2025:08:30:11 -0700] "GET / HTTP/1.1" 200 3552 "-" "Mozilla/5.0 (X11; Linux x86_64) Gecko/20100101 Firefox/126.0"
185.5.58.175 - - [26/Aug/2025:08:30:12 -0700] "GET /products HTTP/1.1" 404 110 "https://www.google.com/" "Wget/1.21.4 (linux-gnu)"
172.202.234.37 - - [26/Aug/2025:08:30:16 -0700] "GET /index.jsp HTTP/1.1" 200 1209 "https://www.bing.com/" "Mozilla/5.0 (iPhone; CPU iPhone OS 17_5 like Mac OS X) AppleWebKit/605.1.15 Mobile/15E148 Safari/604.1"
66.229.71.109 - - [26/Aug/2025:08:30:20 -0700] "GET /js/app.js HTTP/1.1" 200 4544 "-" "Mozilla/5.0 (iPhone; CPU iPhone OS 17_5 like Mac OS X) AppleWebKit/605.1.15 Mobile/15E148 Safari/604.1"
193.142.3.195 - - [26/Aug/2025:08:30:26 -0700] "GET /js/vendor.js HTTP/1.1" 200 1651 "https://example.com/" "Wget/1.21.4 (linux-gnu)"
91.104.160.62 - - [26/Aug/2025:08:30:32 -0700] "GET /index.jsp HTTP/1.1" 200 2836 "https://www.google.com/" "Mozilla/5.0 (Macintosh; Intel Mac OS X 10_15_7) AppleWebKit/605.1.15 Version/16.5 Safari/605.1.15"
23.30.117.18 - - [26/Aug/2025:08:30:37 -0700] "GET /images/banner.jpg HTTP/1.1" 200 3008 "-" "curl/8.4.0"
128.55.127.50 - - [26/Aug/2025:08:30:40 -0700] "GET /css/main.css HTTP/1.1" 404 262 "https://www.google.com/" "Mozilla/5.0 (Macintosh; Intel Mac OS X 10_15_7) AppleWebKit/605.1.15 Version/16.5 Safari/605.1.15"
176.41.95.18 - - [26/Aug/2025:08:30:43 -0700] "GET /images/logo.png HTTP/1.1" 200 2580 "-" "Mozilla/5.0 (X11; Linux x86_64) Gecko/20100101 Firefox/126.0"
185.102.159.103 - - [26/Aug/2025:08:30:49 -0700] "GET /images/banner.jpg HTTP/1.1" 302 4327 "https://www.google.com/" "Mozilla/5.0 (iPhone; CPU iPhone OS 17_5 like Mac OS X) AppleWebKit/605.1.15 Mobile/15E148 Safari/604.1"
172.35.64.33 - - [26/Aug/2025:08:30:54 -0700] "GET /favicon.ico HTTP/1.1" 200 4874 "-" "Mozilla/5.0 (iPhone; CPU iPhone OS 17_5 like Mac OS X) AppleWebKit/605.1.15 Mobile/15E148 Safari/604.1"
172.208.97.25 - - [26/Aug/2025:08:31:00 -0700] "GET /docs HTTP/1.1" 200 304 "-" "Mozilla/5.0 (iPhone; CPU iPhone OS 17_5 like Mac OS X) AppleWebKit/605.1.15 Mobile/15E148 Safari/604.1"
66.35.23.170 - - [26/Aug/2025:08:31:05 -0700] "GET /shop HTTP/1.1" 200 2387 "https://example.com/" "Mozilla/5.0 (Windows NT 10.0; Win64; x64) AppleWebKit/537.36 Chrome/124.0 Safari/537.36"
31.152.101.40 - - [26/Aug/2025:08:31:07 -0700] "GET /shop HTTP/1.1" 200 2617 "https://www.bing.com/" "Mozilla/5.0 (iPhone; CPU iPhone OS 17_5 like Mac OS X) AppleWebKit/605.1.15 Mobile/15E148 Safari/604.1"
8.244.80.15 - - [26/Aug/2025:08:31:09 -0700] "GET /css/site.css HTTP/1.1" 404 378 "https://www.bing.com/" "Mozilla/5.0 (Windows NT 10.0; Win64; x64) AppleWebKit/537.36 Chrome/124.0 Safari/537.36"
45.252.46.194 - - [26/Aug/2025:08:31:14 -0700] "GET /css/main.css HTTP/1.1" 304 356 "-" "Mozilla/5.0 (iPhone; CPU iPhone OS 17_5 like Mac OS X) AppleWebKit/605.1.15 Mobile/15E148 Safari/604.1"
193.142.3.195 - - [26/Aug/2025:08:31:17 -0700] "HEAD /css/main.css HTTP/1.1" 302 2761 "https://example.com/" "curl/8.4.0"
193.142.3.195 - - [26/Aug/2025:08:31:22 -0700] "GET /products HTTP/1.1" 304 226 "https://www.bing.com/" "Mozilla/5.0 (Windows NT 10.0; Win64; x64) AppleWebKit/537.36 Chrome/124.0 Safari/537.36"
72.32.173.6 - - [26/Aug/2025:08:31:24 -0700] "GET /images/banner.jpg HTTP/1.1" 304 99 "-" "Wget/1.21.4 (linux-gnu)"
128.55.127.50 - - [26/Aug/2025:08:31:27 -0700] "HEAD /shop HTTP/1.1" 304 61 "-" "Mozilla/5.0 (Macintosh; Intel Mac OS X 10_15_7) AppleWebKit/605.1.15 Version/16.5 Safari/605.1.15"
203.214.112.115 - - [26/Aug/2025:08:31:31 -0700] "GET /js/app.js HTTP/1.1" 200 2289 "https://www.bing.com/" "curl/8.4.0"
172.84.135.136 - - [26/Aug/2025:08:31:32 -0700] "GET / HTTP/1.1" 200 616 "https://www.google.com/" "curl/8.4.0"
193.51.37.138 - - [26/Aug/2025:08:31:38 -0700] "GET /css/site.css HTTP/1.1" 200 797 "https://www.bing.com/" "Mozilla/5.0 (iPhone; CPU iPhone OS 17_5 like Mac OS X) AppleWebKit/605.1.15 Mobile/15E148 Safari/604.1"
72.40.43.188 - - [26/Aug/2025:08:31:44 -0700] "GET /shop HTTP/1.1" 304 81 "https://www.google.com/" "Wget/1.21.4 (linux-gnu)"
8.244.80.15 - - [26/Aug/2025:08:31:48 -0700] "GET /index.jsp HTTP/1.1" 404 339 "https://example.com/" "Wget/1.21.4 (linux-gnu)"
172.84.135.136 - - [26/Aug/2025:08:31:51 -0700] "HEAD /products HTTP/1.1" 200 4090 "https://www.bing.com/" "Mozilla/5.0 (X11; Linux x86_64) Gecko/20100101 Firefox/126.0"
91.125.114.36 - - [26/Aug/2025:08:31:56 -0700] "GET /css/site.css HTTP/1.1" 200 2197 "https://www.bing.com/" "Mozilla/5.0 (Windows NT 10.0; Win64; x64) AppleWebKit/537.36 Chrome/124.0 Safari/537.36"
172.35.64.33 - - [26/Aug/2025:08:31:57 -0700] "GET /css/main.css HTTP/1.1" 304 12 "-" "curl/8.4.0"
72.32.173.6 - - [26/Aug/2025:08:32:02 -0700] "GET /css/site.css HTTP/1.1" 200 1777 "-" "Wget/1.21.4 (linux-gnu)"
145.135.232.74 - - [26/Aug/2025:08:32:05 -0700] "HEAD /shop HTTP/1.1" 304 273 "-" "Mozilla/5.0 (Windows NT 10.0; Win64; x64) AppleWebKit/537.36 Chrome/124.0 Safari/537.36"
45.110.172.27 - - [26/Aug/2025:08:32:06 -0700] "GET /images/logo.png HTTP/1.1" 200 4605 "https://www.google.com/" "Mozilla/5.0 (Macintosh; Intel Mac OS X 10_15_7) AppleWebKit/605.1.15 Version/16.5 Safari/605.1.15"
151.239.27.173 - - [26/Aug/2025:08:32:12 -0700] "GET /images/banner.jpg HTTP/1.1" 200 2917 "-" "Mozilla/5.0 (iPhone; CPU iPhone OS 17_5 like Mac OS X) AppleWebKit/605.1.15 Mobile/15E148 Safari/604.1"
160.63.193.21 - - [26/Aug/2025:08:32:13 -0700] "GET /shop HTTP/1.1" 200 4910 "-" "Mozilla/5.0 (Windows NT 10.0; Win64; x64) AppleWebKit/537.36 Chrome/124.0 Safari/537.36"
185.136.174.29 - - [26/Aug/2025:08:32:15 -0700] "GET /css/site.css HTTP/1.1" 200 338 "https://example.com/" "curl/8.4.0"
72.51.194.72 - - [26/Aug/2025:08:32:19 -0700] "GET /images/logo.png HTTP/1.1" 200 4997 "-" "Wget/1.21.4 (linux-gnu)"
23.194.49.92 - - [26/Aug/2025:08:32:20 -0700] "GET /index.jsp HTTP/1.1" 200 908 "-" "Mozilla/5.0 (X11; Linux x86_64) Gecko/20100101 Firefox/126.0"
203.50.31.104 - - [26/Aug/2025:08:32:23 -0700] "GET /images/logo.png HTTP/1.1" 200 2001 "https://example.com/" "curl/8.4.0"
8.169.36.132 - - [26/Aug/2025:08:32:25 -0700] "GET /images/logo.png HTTP/1.1" 200 3256 "https://www.bing.com/" "Wget/1.21.4 (linux-gnu)"
176.41.95.18 - - [26/Aug/2025:08:32:26 -0700] "GET /index.jsp HTTP/1.1" 200 3428 "https://www.google.com/" "Wget/1.21.4 (linux-gnu)"
176.41.95.18 - - [26/Aug/2025:08:32:31 -0700] "GET /products HTTP/1.1" 404 176 "https://www.bing.com/" "Mozilla/5.0 (Windows NT 10.0; Win64; x64) AppleWebKit/537.36 Chrome/124.0 Safari/537.36"
185.67.242.63 - - [26/Aug/2025:08:32:33 -0700] "GET /shop HTTP/1.1" 200 2270 "-" "Mozilla/5.0 (iPhone; CPU iPhone OS 17_5 like Mac OS X) AppleWebKit/605.1.15 Mobile/15E148 Safari/604.1"
72.148.40.219 - - [26/Aug/2025:08:32:35 -0700] "GET / HTTP/1.1" 404 281 "-" "Mozilla/5.0 (Macintosh; Intel Mac OS X 10_15_7) AppleWebKit/605.1.15 Version/16.5 Safari/605.1.15"
176.41.95.18 - - [26/Aug/2025:08:32:39 -0700] "GET /images/logo.png HTTP/1.1" 200 4956 "https://www.bing.com/" "Mozilla/5.0 (Windows NT 10.0; Win64; x64) AppleWebKit/537.36 Chrome/124.0 Safari/537.36"
172.84.135.136 - - [26/Aug/2025:08:32:43 -0700] "GET /images/logo.png HTTP/1.1" 200 771 "https://www.google.com/" "Mozilla/5.0 (X11; Linux x86_64) Gecko/20100101 Firefox/126.0"
72.40.43.188 - - [26/Aug/2025:08:32:45 -0700] "GET /health HTTP/1.1" 200 4985 "https://example.com/" "curl/8.4.0"
31.126.20.159 - - [26/Aug/2025:08:32:47 -0700] "GET /favicon.ico HTTP/1.1" 200 239 "https://www.bing.com/" "Wget/1.21.4 (linux-gnu)"
145.239.128.249 - - [26/Aug/2025:08:32:50 -0700] "GET /docs HTTP/1.1" 200 2916 "https://example.com/" "Mozilla/5.0 (Macintosh; Intel Mac OS X 10_15_7) AppleWebKit/605.1.15 Version/16.5 Safari/605.1.15"
52.142.236.64 - - [26/Aug/2025:08:32:54 -0700] "GET /favicon.ico HTTP/1.1" 200 1639 "https://www.bing.com/" "curl/8.4.0"
23.4.234.160 - - [26/Aug/2025:08:33:00 -0700] "GET /shop HTTP/1.1" 200 826 "https://www.bing.com/" "Mozilla/5.0 (Windows NT 10.0; Win64; x64) AppleWebKit/537.36 Chrome/124.0 Safari/537.36"
23.194.49.92 - - [26/Aug/2025:08:33:06 -0700] "GET /images/logo.png HTTP/1.1" 200 3518 "-" "Mozilla/5.0 (Windows NT 10.0; Win64; x64) AppleWebKit/537.36 Chrome/124.0 Safari/537.36"
193.204.185.57 - - [26/Aug/2025:08:33:11 -0700] "GET /docs HTTP/1.1" 302 4067 "-" "Mozilla/5.0 (Windows NT 10.0; Win64; x64) AppleWebKit/537.36 Chrome/124.0 Safari/537.36"
72.83.236.98 - - [26/Aug/2025:08:33:17 -0700] "GET /products HTTP/1.1" 200 2583 "https://example.com/" "Mozilla/5.0 (X11; Linux x86_64) Gecko/20100101 Firefox/126.0"
52.142.236.64 - - [26/Aug/2025:08:33:19 -0700] "GET /index.jsp HTTP/1.1" 200 2156 "-" "Wget/1.21.4 (linux-gnu)"
8.117.16.207 - - [26/Aug/2025:08:33:24 -0700] "GET /css/site.css HTTP/1.1" 200 4835 "https://www.google.com/" "Wget/1.21.4 (linux-gnu)"
203.36.87.137 - - [26/Aug/2025:08:33:30 -0700] "GET /health HTTP/1.1" 304 118 "https://example.com/" "Mozilla/5.0 (iPhone; CPU iPhone OS 17_5 like Mac OS X) AppleWebKit/605.1.15 Mobile/15E148 Safari/604.1"
185.136.174.29 - - [26/Aug/2025:08:33:31 -0700] "GET / HTTP/1.1" 200 3159 "https://www.google.com/" "Mozilla/5.0 (X11; Linux x86_64) Gecko/20100101 Firefox/126.0"
23.226.50.13 - - [26/Aug/2025:08:33:35 -0700] "HEAD / HTTP/1.1" 200 4471 "-" "curl/8.4.0"
1.134.91.130 - - [26/Aug/2025:08:33:41 -0700] "GET /js/vendor.js HTTP/1.1" 200 3300 "https://www.bing.com/" "Mozilla/5.0 (iPhone; CPU iPhone OS 17_5 like Mac OS X) AppleWebKit/605.1.15 Mobile/15E148 Safari/604.1"
91.202.67.172 - - [26/Aug/2025:08:33:44 -0700] "GET /js/app.js HTTP/1.1" 302 2025 "-" "Mozilla/5.0 (iPhone; CPU iPhone OS 17_5 like Mac OS X) AppleWebKit/605.1.15 Mobile/15E148 Safari/604.1"
72.142.248.55 - - [26/Aug/2025:08:33:49 -0700] "GET /css/site.css HTTP/1.1" 404 3 "https://www.bing.com/" "Mozilla/5.0 (X11; Linux x86_64) Gecko/20100101 Firefox/126.0"
139.107.136.180 - - [26/Aug/2025:08:33:54 -0700] "GET /products HTTP/1.1" 200 1932 "https://www.google.com/" "curl/8.4.0"
66.161.108.168 - - [26/Aug/2025:08:33:56 -0700] "GET /js/vendor.js HTTP/1.1" 200 2086 "https://www.bing.com/" "Mozilla/5.0 (Macintosh; Intel Mac OS X 10_15_7) AppleWebKit/605.1.15 Version/16.5 Safari/605.1.15"
172.84.135.136 - - [26/Aug/2025:08:34:00 -0700] "GET /css/site.css HTTP/1.1" 200 1520 "-" "Mozilla/5.0 (iPhone; CPU iPhone OS 17_5 like Mac OS X) AppleWebKit/605.1.15 Mobile/15E148 Safari/604.1"
185.67.242.63 - - [26/Aug/2025:08:34:06 -0700] "GET / HTTP/1.1" 200 1303 "https://www.google.com/" "Mozilla/5.0 (Windows NT 10.0; Win64; x64) AppleWebKit/537.36 Chrome/124.0 Safari/537.36"
145.135.232.74 - - [26/Aug/2025:08:34:12 -0700] "GET /shop HTTP/1.1" 200 1674 "-" "Mozilla/5.0 (Windows NT 10.0; Win64; x64) AppleWebKit/537.36 Chrome/124.0 Safari/537.36"
72.142.248.55 - - [26/Aug/2025:08:34:17 -0700] "GET /images/logo.png HTTP/1.1" 304 338 "-" "Wget/1.21.4 (linux-gnu)"
139.135.22.187 - - [26/Aug/2025:08:34:20 -0700] "HEAD /js/vendor.js HTTP/1.1" 404 87 "https://example.com/" "Mozilla/5.0 (Macintosh; Intel Mac OS X 10_15_7) AppleWebKit/605.1.15 Version/16.5 Safari/605.1.15"
185.67.242.63 - - [26/Aug/2025:08:34:22 -0700] "GET /favicon.ico HTTP/1.1" 304 319 "https://www.google.com/" "Wget/1.21.4 (linux-gnu)"
145.135.232.74 - - [26/Aug/2025:08:34:28 -0700] "GET /images/banner.jpg HTTP/1.1" 404 305 "https://www.google.com/" "Mozilla/5.0 (X11; Linux x86_64) Gecko/20100101 Firefox/126.0"
45.110.172.27 - - [26/Aug/2025:08:34:33 -0700] "GET /css/main.css HTTP/1.1" 200 4482 "https://example.com/" "Mozilla/5.0 (Macintosh; Intel Mac OS X 10_15_7) AppleWebKit/605.1.15 Version/16.5 Safari/605.1.15"
172.208.97.25 - - [26/Aug/2025:08:34:38 -0700] "GET /index.jsp HTTP/1.1" 404 307 "-" "Mozilla/5.0 (Macintosh; Intel Mac OS X 10_15_7) AppleWebKit/605.1.15 Version/16.5 Safari/605.1.15"
185.31.160.15 - - [26/Aug/2025:08:34:39 -0700] "GET /index.jsp HTTP/1.1" 200 4617 "-" "Wget/1.21.4 (linux-gnu)"
151.239.27.173 - - [26/Aug/2025:08:34:40 -0700] "GET /health HTTP/1.1" 200 3714 "https://example.com/" "Wget/1.21.4 (linux-gnu)"
203.7.47.238 - - [26/Aug/2025:08:34:42 -0700] "GET /js/vendor.js HTTP/1.1" 404 356 "https://www.bing.com/" "curl/8.4.0"
185.150.185.148 - - [26/Aug/2025:08:34:47 -0700] "GET /docs HTTP/1.1" 200 886 "https://www.google.com/" "curl/8.4.0"
203.153.234.81 - - [26/Aug/2025:08:34:50 -0700] "GET /docs HTTP/1.1" 304 3 "https://example.com/" "Wget/1.21.4 (linux-gnu)"
151.249.79.49 - - [26/Aug/2025:08:34:55 -0700] "GET / HTTP/1.1" 200 2787 "-" "Mozilla/5.0 (Windows NT 10.0; Win64; x64) AppleWebKit/537.36 Chrome/124.0 Safari/537.36"
176.231.61.64 - - [26/Aug/2025:08:34:59 -0700] "GET /css/main.css HTTP/1.1" 200 4591 "https://www.google.com/" "Mozilla/5.0 (Windows NT 10.0; Win64; x64) AppleWebKit/537.36 Chrome/124.0 Safari/537.36"
31.126.20.159 - - [26/Aug/2025:08:35:03 -0700] "HEAD /docs HTTP/1.1" 200 1868 "-" "Mozilla/5.0 (X11; Linux x86_64) Gecko/20100101 Firefox/126.0"
176.41.95.18 - - [26/Aug/2025:08:35:07 -0700] "GET /shop HTTP/1.1" 200 2278 "https://example.com/" "Wget/1.21.4 (linux-gnu)"
23.214.161.240 - - [26/Aug/2025:08:35:10 -0700] "GET /images/banner.jpg HTTP/1.1" 404 60 "https://example.com/" "Mozilla/5.0 (X11; Linux x86_64) Gecko/20100101 Firefox/126.0"
8.56.78.161 - - [26/Aug/2025:08:35:16 -0700] "GET /index.jsp HTTP/1.1" 200 2972 "https://www.google.com/" "curl/8.4.0"
193.51.37.138 - - [26/Aug/2025:08:35:21 -0700] "GET /shop HTTP/1.1" 200 946 "-" "Mozilla/5.0 (iPhone; CPU iPhone OS 17_5 like Mac OS X) AppleWebKit/605.1.15 Mobile/15E148 Safari/604.1"
23.226.50.13 - - [26/Aug/2025:08:35:23 -0700] "GET /index.jsp HTTP/1.1" 200 855 "https://example.com/" "Wget/1.21.4 (linux-gnu)"
176.13.101.184 - - [26/Aug/2025:08:35:28 -0700] "GET /css/main.css HTTP/1.1" 200 670 "https://example.com/" "Mozilla/5.0 (iPhone; CPU iPhone OS 17_5 like Mac OS X) AppleWebKit/605.1.15 Mobile/15E148 Safari/604.1"
172.109.205.232 - - [26/Aug/2025:08:35:30 -0700] "GET /products HTTP/1.1" 404 265 "-" "curl/8.4.0"
172.202.234.37 - - [26/Aug/2025:08:35:33 -0700] "GET /js/app.js HTTP/1.1" 200 1588 "-" "Mozilla/5.0 (Windows NT 10.0; Win64; x64) AppleWebKit/537.36 Chrome/124.0 Safari/537.36"
176.13.101.184 - - [26/Aug/2025:08:35:39 -0700] "GET /images/logo.png HTTP/1.1" 200 2460 "https://www.google.com/" "Mozilla/5.0 (X11; Linux x86_64) Gecko/20100101 Firefox/126.0"
203.191.224.231 - - [26/Aug/2025:08:35:43 -0700] "GET /css/main.css HTTP/1.1" 200 762 "https://example.com/" "Mozilla/5.0 (iPhone; CPU iPhone OS 17_5 like Mac OS X) AppleWebKit/605.1.15 Mobile/15E148 Safari/604.1"
176.41.95.18 - - [26/Aug/2025:08:35:44 -0700] "GET /js/vendor.js HTTP/1.1" 302 2465 "-" "Mozilla/5.0 (X11; Linux x86_64) Gecko/20100101 Firefox/126.0"
